[pro-theme.com/html/lesh/transaero/01_home.html]
[backblue.gif]
[fade.gif]
[index.html]
[pro-theme.com/html/lesh/transaero/img/favicon.ico]
[pro-theme.com/html/lesh/transaero/css/master.css]
[pro-theme.com/html/lesh/transaero/img/logo.png]
[pro-theme.com/html/lesh/transaero/02_home.html]
[pro-theme.com/html/lesh/transaero/03_services.html]
[pro-theme.com/html/lesh/transaero/04_services.html]
[pro-theme.com/html/lesh/transaero/05_service_detail.html]
[pro-theme.com/html/lesh/transaero/06_about.html]
[pro-theme.com/html/lesh/transaero/07_typography.html]
[pro-theme.com/html/lesh/transaero/08_buttons.html]
[pro-theme.com/html/lesh/transaero/09_progress.html]
[pro-theme.com/html/lesh/transaero/10_alerts.html]
[pro-theme.com/html/lesh/transaero/11_blog.html]
[pro-theme.com/html/lesh/transaero/12_blog_detail.html]
[pro-theme.com/html/lesh/transaero/13_contacts.html]
[pro-theme.com/html/lesh/transaero/assets/slider-pro/css/images/blank.gif]
[pro-theme.com/html/lesh/transaero/media/main-slider/1.jpg]
[pro-theme.com/html/lesh/transaero/media/main-slider/2.jpg]
[pro-theme.com/html/lesh/transaero/media/main-slider/3.jpg]
[pro-theme.com/html/lesh/transaero/media/video/trucks.mp4]
[pro-theme.com/html/lesh/transaero/media/video/trucks.15.delayed]
[pro-theme.com/html/lesh/transaero/media/avatars/avatar1.png]
[pro-theme.com/html/lesh/transaero/media/blog/1.jpg]
[pro-theme.com/html/lesh/transaero/media/blog/2.jpg]
[pro-theme.com/html/lesh/transaero/media/blog/3.jpg]
[pro-theme.com/html/lesh/transaero/media/blog/4.jpg]
[pro-theme.com/html/lesh/transaero/media/clients/client1.png]
[pro-theme.com/html/lesh/transaero/media/clients/client2.png]
[pro-theme.com/html/lesh/transaero/media/clients/client3.png]
[pro-theme.com/html/lesh/transaero/media/clients/client4.png]
[pro-theme.com/html/lesh/transaero/media/clients/client5.png]
[pro-theme.com/html/lesh/transaero/media/clients/client6.png]
[pro-theme.com/html/lesh/transaero/js/jquery-1.11.3.min.js]
[pro-theme.com/html/lesh/transaero/js/cssua.min.js]
[pro-theme.com/html/lesh/transaero/js/bootstrap.min.js]
[pro-theme.com/html/lesh/transaero/js/smoothscroll.min.js]
[pro-theme.com/html/lesh/transaero/js/jquery.stellar.min.js]
[pro-theme.com/html/lesh/transaero/assets/slider-pro/js/jquery.sliderPro.min.js]
[pro-theme.com/html/lesh/transaero/js/scrollspy.min.js]
[pro-theme.com/html/lesh/transaero/js/wow.min.js]
[pro-theme.com/html/lesh/transaero/assets/owl-carousel/owl.carousel.min.js]
[pro-theme.com/html/lesh/transaero/js/metisMenu.min.js]
[pro-theme.com/html/lesh/transaero/js/theme.min.js]
[pro-theme.com/html/lesh/transaero/assets/colors/js/colors.js]
[pro-theme.com/html/lesh/transaero/01_home.html]
[mc.yandex.ru/metrika/watch.js]
[pro-theme.com/html/lesh/transaero/css/bootstrap.min.css]
[pro-theme.com/html/lesh/transaero/css/font-awesome.min.css]
[pro-theme.com/html/lesh/transaero/fonts/flaticon/flaticon.css]
[pro-theme.com/html/lesh/transaero/assets/slider-pro/css/slider-pro.min.css]
[pro-theme.com/html/lesh/transaero/css/animate.css]
[pro-theme.com/html/lesh/transaero/assets/owl-carousel/owl.carousel.css]
[pro-theme.com/html/lesh/transaero/assets/owl-carousel/owl.theme.css]
[pro-theme.com/html/lesh/transaero/css/theme.min.css]
[pro-theme.com/html/lesh/transaero/css/responsive.css]
[pro-theme.com/html/lesh/transaero/css/demo.css]
[pro-theme.com/html/lesh/transaero/assets/colors/css/colors.css]
[pro-theme.com/html/lesh/transaero/css/master.css]
[pro-theme.com/html/lesh/transaero/css/debug.css]
[pro-theme.com/html/lesh/transaero/img/logo_dark.png]
[pro-theme.com/html/lesh/transaero/02_home.html]
[pro-theme.com/html/lesh/transaero/media/service/1.jpg]
[pro-theme.com/html/lesh/transaero/media/service/2.jpg]
[pro-theme.com/html/lesh/transaero/media/service/3.jpg]
[pro-theme.com/html/lesh/transaero/media/service/4.jpg]
[pro-theme.com/html/lesh/transaero/media/service/5.jpg]
[pro-theme.com/html/lesh/transaero/media/service/6.jpg]
[pro-theme.com/html/lesh/transaero/03_services.html]
[pro-theme.com/html/lesh/transaero/04_services.html]
[pro-theme.com/html/lesh/transaero/media/service/7.jpg]
[pro-theme.com/html/lesh/transaero/media/service/8.jpg]
[pro-theme.com/html/lesh/transaero/media/service/9.jpg]
[pro-theme.com/html/lesh/transaero/05_service_detail.html]
[pro-theme.com/html/lesh/transaero/media/about/1.jpg]
[pro-theme.com/html/lesh/transaero/media/team/1.jpg]
[pro-theme.com/html/lesh/transaero/media/team/2.jpg]
[pro-theme.com/html/lesh/transaero/media/team/6.jpg]
[pro-theme.com/html/lesh/transaero/media/team/4.jpg]
[pro-theme.com/html/lesh/transaero/media/team/5.jpg]
[pro-theme.com/html/lesh/transaero/06_about.html]
[pro-theme.com/html/lesh/transaero/07_typography.html]
[pro-theme.com/html/lesh/transaero/08_buttons.html]
[pro-theme.com/html/lesh/transaero/09_progress.html]
[pro-theme.com/html/lesh/transaero/10_alerts.html]
[pro-theme.com/html/lesh/transaero/media/blog/5.jpg]
[pro-theme.com/html/lesh/transaero/media/blog/6.jpg]
[pro-theme.com/html/lesh/transaero/media/blog/7.jpg]
[pro-theme.com/html/lesh/transaero/media/blog/8.jpg]
[pro-theme.com/html/lesh/transaero/media/blog/9.jpg]
[pro-theme.com/html/lesh/transaero/11_blog.html]
[pro-theme.com/html/lesh/transaero/media/team/7.jpg]
[pro-theme.com/html/lesh/transaero/12_blog_detail.html]
[pro-theme.com/html/lesh/transaero/13_contacts.html]
[pro-theme.com/html/lesh/transaero/media/video/trucks.html]
[pro-theme.com/html/lesh/transaero/fonts/glyphicons-halflings-regular.eot]
[pro-theme.com/html/lesh/transaero/fonts/glyphicons-halflings-regulard41d.eot]
[pro-theme.com/html/lesh/transaero/fonts/glyphicons-halflings-regular.woff2]
[pro-theme.com/html/lesh/transaero/fonts/glyphicons-halflings-regular.woff]
[pro-theme.com/html/lesh/transaero/fonts/glyphicons-halflings-regular.ttf]
[pro-theme.com/html/lesh/transaero/css/bootstrap.min.css]
[pro-theme.com/html/lesh/transaero/fonts/glyphicons-halflings-regular.svg]
[pro-theme.com/html/lesh/transaero/fonts/fontawesome-webfont93e3.eot]
[pro-theme.com/html/lesh/transaero/fonts/fontawesome-webfontd41d.eot]
[pro-theme.com/html/lesh/transaero/fonts/fontawesome-webfont93e3.woff2]
[pro-theme.com/html/lesh/transaero/fonts/fontawesome-webfont93e3.woff]
[pro-theme.com/html/lesh/transaero/fonts/fontawesome-webfont93e3.ttf]
[pro-theme.com/html/lesh/transaero/css/font-awesome.min.css]
[pro-theme.com/html/lesh/transaero/fonts/flaticon/flaticon.eot]
[pro-theme.com/html/lesh/transaero/fonts/fontawesome-webfont93e3.svg]
[pro-theme.com/html/lesh/transaero/fonts/flaticon/flaticon.woff]
[pro-theme.com/html/lesh/transaero/fonts/flaticon/flaticon.ttf]
[pro-theme.com/html/lesh/transaero/fonts/flaticon/flaticon.css]
[pro-theme.com/html/lesh/transaero/fonts/flaticon/flaticon.svg]
[pro-theme.com/html/lesh/transaero/assets/slider-pro/css/slider-pro.min.css]
[pro-theme.com/html/lesh/transaero/css/animate.css]
[pro-theme.com/html/lesh/transaero/assets/owl-carousel/grabbing.png]
[pro-theme.com/html/lesh/transaero/assets/owl-carousel/owl.carousel.css]
[pro-theme.com/html/lesh/transaero/assets/owl-carousel/AjaxLoader.gif]
[pro-theme.com/html/lesh/transaero/assets/owl-carousel/owl.theme.css]
[pro-theme.com/html/lesh/transaero/media/bg/5.jpg]
[pro-theme.com/html/lesh/transaero/media/bg/6.jpg]
[pro-theme.com/html/lesh/transaero/media/bg/7.jpg]
[pro-theme.com/html/lesh/transaero/css/theme.min.css]
[pro-theme.com/html/lesh/transaero/css/responsive.css]
[pro-theme.com/html/lesh/transaero/css/demo.css]
[pro-theme.com/html/lesh/transaero/assets/colors/css/colors.css]
[pro-theme.com/html/lesh/transaero/css/debug.css]
[pro-theme.com/html/lesh/transaero/fonts/glyphicons-halflings-regular.svg]
[pro-theme.com/html/lesh/transaero/fonts/fontawesome-webfont93e3.svg]
[pro-theme.com/html/lesh/transaero/fonts/flaticon/flaticon.svg]
[pro-theme.com/html/lesh/transaero/assets/slider-pro/css/images/openhand.html]
[pro-theme.com/html/lesh/transaero/assets/slider-pro/css/images/closedhand.html]
